Worker 2 : died
Crate 1 : moved
true
Workers
0 3
Crates
0
Maps
1
