Hole 2 : open
Worker 0 : died
true
Workers
Crates
Maps
1
