Hole 3 : open
Crate 1 : died
Crate 1 : moved
true
