Crate 1 : onendtile
Crate 1 : died
Crate 1 : moved
true
