Crate 3 : moved
Crate 2 : moved
Crate 1 : moved
true
