Hole 4 : open
Crate 1 : moved
true
Workers
0 4
Crates
0
Maps
1
